// Jest Snapshot v1, https://goo.gl/fbAQLP

exports[`snapshopt test button component render button 1`] = `
<View
  accessible={true}
  focusable={true}
  onClick={[Function]}
  onResponderGrant={[Function]}
  onResponderMove={[Function]}
  onResponderRelease={[Function]}
  onResponderTerminate={[Function]}
  onResponderTerminationRequest={[Function]}
  onStartShouldSetResponder={[Function]}
  style={
    Object {
      "alignItems": "center",
      "display": "flex",
      "flexDirection": "row",
      "justifyContent": "center",
      "opacity": 1,
    }
  }
>
  <Text
    style={
      Array [
        Object {
          "display": "flex",
          "textAlign": "center",
        },
      ]
    }
  >
    Criar post
  </Text>
</View>
`;
